\BOOKMARK [1][-]{section.1}{\376\377\000D\000e\000f\000i\000n\000i\000c\000i\000o\000n\000e\000s\000,\000\040\000a\000c\000r\000\363\000n\000i\000m\000o\000s\000\040\000y\000\040\000a\000b\000r\000e\000v\000i\000a\000t\000u\000r\000a\000s}{}% 1
\BOOKMARK [1][-]{section.2}{\376\377\000D\000e\000s\000c\000r\000i\000p\000c\000i\000\363\000n\000\040\000d\000e\000l\000\040\000s\000i\000s\000t\000e\000m\000a\000\040\000s\000o\000l\000i\000c\000i\000t\000a\000d\000o}{}% 2
\BOOKMARK [1][-]{section.3}{\376\377\000D\000e\000f\000i\000n\000i\000c\000i\000\363\000n\000\040\000d\000e\000\040\000a\000c\000t\000o\000r\000e\000s}{}% 3
\BOOKMARK [1][-]{section.4}{\376\377\000P\000r\000o\000c\000e\000s\000o\000s\000\040\000a\000\040\000s\000i\000s\000t\000e\000m\000a\000t\000i\000z\000a\000r}{}% 4
\BOOKMARK [2][-]{subsection.4.1}{\376\377\000A\000u\000t\000e\000n\000t\000i\000c\000a\000c\000i\000\363\000n\000\040\000y\000\040\000g\000e\000s\000t\000i\000\363\000n\000\040\000d\000e\000\040\000c\000u\000e\000n\000t\000a\000s}{section.4}% 5
\BOOKMARK [2][-]{subsection.4.2}{\376\377\000C\000o\000n\000f\000i\000g\000u\000r\000a\000c\000i\000\363\000n\000\040\000d\000e\000l\000\040\000c\000a\000t\000\341\000l\000o\000g\000o\000\040\000d\000e\000\040\000s\000e\000r\000v\000i\000c\000i\000o\000s}{section.4}% 6
\BOOKMARK [2][-]{subsection.4.3}{\376\377\000P\000u\000b\000l\000i\000c\000a\000c\000i\000\363\000n\000\040\000d\000e\000\040\000t\000r\000a\000b\000a\000j\000o\000s}{section.4}% 7
\BOOKMARK [2][-]{subsection.4.4}{\376\377\000B\000\372\000s\000q\000u\000e\000d\000a\000\040\000d\000e\000\040\000t\000r\000a\000b\000a\000j\000o\000s\000\040\000c\000e\000r\000c\000a\000n\000o\000s\000\040\000y\000\040\000n\000o\000t\000i\000f\000i\000c\000a\000c\000i\000\363\000n}{section.4}% 8
\BOOKMARK [2][-]{subsection.4.5}{\376\377\000E\000n\000v\000\355\000o\000\040\000y\000\040\000g\000e\000s\000t\000i\000\363\000n\000\040\000d\000e\000\040\000o\000f\000e\000r\000t\000a\000s}{section.4}% 9
\BOOKMARK [2][-]{subsection.4.6}{\376\377\000A\000c\000e\000p\000t\000a\000c\000i\000\363\000n\000\040\000d\000e\000\040\000o\000f\000e\000r\000t\000a\000\040\000y\000\040\000a\000s\000i\000g\000n\000a\000c\000i\000\363\000n}{section.4}% 10
\BOOKMARK [2][-]{subsection.4.7}{\376\377\000C\000\341\000l\000c\000u\000l\000o\000\040\000d\000e\000\040\000r\000u\000t\000a\000s\000\040\000y\000\040\000s\000e\000g\000u\000i\000m\000i\000e\000n\000t\000o\000\040\000e\000n\000\040\000t\000i\000e\000m\000p\000o\000\040\000r\000e\000a\000l}{section.4}% 11
\BOOKMARK [2][-]{subsection.4.8}{\376\377\000C\000o\000n\000v\000e\000r\000s\000a\000c\000i\000\363\000n\000\040\000y\000\040\000c\000o\000o\000r\000d\000i\000n\000a\000c\000i\000\363\000n}{section.4}% 12
\BOOKMARK [2][-]{subsection.4.9}{\376\377\000L\000l\000a\000m\000a\000d\000a\000\040\000d\000e\000\040\000v\000o\000z\000\040\000e\000n\000t\000r\000e\000\040\000l\000a\000s\000\040\000p\000a\000r\000t\000e\000s}{section.4}% 13
\BOOKMARK [2][-]{subsection.4.10}{\376\377\000F\000i\000n\000a\000l\000i\000z\000a\000c\000i\000\363\000n\000\040\000d\000e\000l\000\040\000t\000r\000a\000b\000a\000j\000o\000\040\000y\000\040\000c\000a\000l\000i\000f\000i\000c\000a\000c\000i\000\363\000n}{section.4}% 14
\BOOKMARK [2][-]{subsection.4.11}{\376\377\000P\000a\000g\000o\000\040\000s\000i\000m\000u\000l\000a\000d\000o\000\040\000d\000e\000l\000\040\000t\000r\000a\000b\000a\000j\000o}{section.4}% 15
\BOOKMARK [2][-]{subsection.4.12}{\376\377\000N\000o\000t\000i\000f\000i\000c\000a\000c\000i\000o\000n\000e\000s}{section.4}% 16
\BOOKMARK [2][-]{subsection.4.13}{\376\377\000A\000d\000m\000i\000n\000i\000s\000t\000r\000a\000c\000i\000\363\000n\000\040\000d\000e\000l\000\040\000s\000i\000s\000t\000e\000m\000a}{section.4}% 17
\BOOKMARK [1][-]{section.5}{\376\377\000D\000i\000a\000g\000r\000a\000m\000a\000\040\000d\000e\000\040\000f\000l\000u\000j\000o\000\040\000d\000e\000\040\000l\000o\000s\000\040\000p\000r\000o\000c\000e\000s\000o\000s}{}% 18
\BOOKMARK [2][-]{subsection.5.1}{\376\377\000R\000e\000g\000i\000s\000t\000r\000o\000\040\000y\000\040\000a\000u\000t\000e\000n\000t\000i\000c\000a\000c\000i\000\363\000n}{section.5}% 19
\BOOKMARK [2][-]{subsection.5.2}{\376\377\000C\000o\000n\000f\000i\000g\000u\000r\000a\000c\000i\000\363\000n\000\040\000d\000e\000l\000\040\000c\000a\000t\000\341\000l\000o\000g\000o\000\040\000d\000e\000\040\000s\000e\000r\000v\000i\000c\000i\000o\000s}{section.5}% 20
\BOOKMARK [2][-]{subsection.5.3}{\376\377\000P\000u\000b\000l\000i\000c\000a\000c\000i\000\363\000n\000\040\000d\000e\000\040\000u\000n\000\040\000t\000r\000a\000b\000a\000j\000o}{section.5}% 21
\BOOKMARK [2][-]{subsection.5.4}{\376\377\000N\000o\000t\000i\000f\000i\000c\000a\000c\000i\000\363\000n\000\040\000a\000\040\000l\000o\000s\000\040\000p\000r\000e\000s\000t\000a\000d\000o\000r\000e\000s\000\040\000d\000e\000\040\000s\000e\000r\000v\000i\000c\000i\000o\000s}{section.5}% 22
\BOOKMARK [2][-]{subsection.5.5}{\376\377\000E\000n\000v\000\355\000o\000\040\000d\000e\000\040\000o\000f\000e\000r\000t\000a\000s}{section.5}% 23
\BOOKMARK [2][-]{subsection.5.6}{\376\377\000A\000c\000e\000p\000t\000a\000c\000i\000\363\000n\000\040\000d\000e\000\040\000u\000n\000a\000\040\000o\000f\000e\000r\000t\000a}{section.5}% 24
\BOOKMARK [2][-]{subsection.5.7}{\376\377\000E\000j\000e\000c\000u\000c\000i\000\363\000n\000\040\000d\000e\000\040\000u\000n\000\040\000t\000r\000a\000b\000a\000j\000o}{section.5}% 25
\BOOKMARK [2][-]{subsection.5.8}{\376\377\000C\000o\000n\000v\000e\000r\000s\000a\000c\000i\000\363\000n\000\040\000y\000\040\000c\000o\000o\000r\000d\000i\000n\000a\000c\000i\000\363\000n}{section.5}% 26
\BOOKMARK [2][-]{subsection.5.9}{\376\377\000L\000l\000a\000m\000a\000d\000a\000\040\000d\000e\000\040\000v\000o\000z\000\040\000e\000n\000t\000r\000e\000\040\000l\000a\000s\000\040\000p\000a\000r\000t\000e\000s}{section.5}% 27
\BOOKMARK [2][-]{subsection.5.10}{\376\377\000F\000i\000n\000a\000l\000i\000z\000a\000c\000i\000\363\000n\000\040\000y\000\040\000c\000a\000l\000i\000f\000i\000c\000a\000c\000i\000\363\000n}{section.5}% 28
\BOOKMARK [2][-]{subsection.5.11}{\376\377\000P\000a\000g\000o\000\040\000s\000i\000m\000u\000l\000a\000d\000o\000\040\000d\000e\000l\000\040\000t\000r\000a\000b\000a\000j\000o}{section.5}% 29
\BOOKMARK [2][-]{subsection.5.12}{\376\377\000N\000o\000t\000i\000f\000i\000c\000a\000c\000i\000o\000n\000e\000s}{section.5}% 30
\BOOKMARK [2][-]{subsection.5.13}{\376\377\000A\000d\000m\000i\000n\000i\000s\000t\000r\000a\000c\000i\000\363\000n\000\040\000d\000e\000l\000\040\000s\000i\000s\000t\000e\000m\000a}{section.5}% 31
\BOOKMARK [2][-]{subsection.5.14}{\376\377\000F\000l\000u\000j\000o\000\040\000g\000e\000n\000e\000r\000a\000l\000\040\000d\000e\000l\000\040\000s\000i\000s\000t\000e\000m\000a}{section.5}% 32
\BOOKMARK [2][-]{subsection.5.15}{\376\377\000C\000i\000c\000l\000o\000\040\000d\000e\000\040\000v\000i\000d\000a\000\040\000d\000e\000l\000\040\000t\000r\000a\000b\000a\000j\000o}{section.5}% 33
\BOOKMARK [1][-]{section.6}{\376\377\000C\000a\000s\000o\000s\000\040\000d\000e\000\040\000u\000s\000o}{}% 34
\BOOKMARK [2][-]{subsection.6.1}{\376\377\000D\000i\000a\000g\000r\000a\000m\000a\000\040\000d\000e\000\040\000c\000a\000s\000o\000s\000\040\000d\000e\000\040\000u\000s\000o\000\040\000d\000e\000l\000\040\000s\000i\000s\000t\000e\000m\000a}{section.6}% 35
\BOOKMARK [2][-]{subsection.6.2}{\376\377\000C\000a\000s\000o\000s\000\040\000d\000e\000\040\000u\000s\000o\000\040\000d\000e\000l\000\040\000m\000\363\000d\000u\000l\000o\000\040\000d\000e\000\040\000a\000u\000t\000e\000n\000t\000i\000c\000a\000c\000i\000\363\000n}{section.6}% 36
\BOOKMARK [3][-]{subsubsection.6.2.1}{\376\377\000C\000a\000s\000o\000\040\000d\000e\000\040\000u\000s\000o\000\040\000`\000`\000U\000C\000-\0000\0001\000:\000\040\000R\000e\000g\000i\000s\000t\000r\000a\000r\000s\000e\000\040\000/\000\040\000I\000n\000i\000c\000i\000a\000r\000\040\000s\000e\000s\000i\000\363\000n\000'\000'}{subsection.6.2}% 37
\BOOKMARK [3][-]{subsubsection.6.2.2}{\376\377\000C\000a\000s\000o\000\040\000d\000e\000\040\000u\000s\000o\000\040\000`\000`\000U\000C\000-\0000\0002\000:\000\040\000C\000r\000e\000a\000r\000\040\000p\000e\000r\000f\000i\000l\000\040\000d\000e\000\040\000u\000s\000u\000a\000r\000i\000o\000'\000'}{subsection.6.2}% 38
\BOOKMARK [3][-]{subsubsection.6.2.3}{\376\377\000C\000a\000s\000o\000\040\000d\000e\000\040\000u\000s\000o\000\040\000`\000`\000U\000C\000-\0000\0003\000:\000\040\000R\000e\000f\000r\000e\000s\000c\000a\000r\000\040\000t\000o\000k\000e\000n\000\040\000d\000e\000\040\000i\000d\000e\000n\000t\000i\000d\000a\000d\000'\000'}{subsection.6.2}% 39
\BOOKMARK [2][-]{subsection.6.3}{\376\377\000C\000a\000s\000o\000s\000\040\000d\000e\000\040\000u\000s\000o\000\040\000d\000e\000l\000\040\000m\000\363\000d\000u\000l\000o\000\040\000d\000e\000\040\000t\000r\000a\000b\000a\000j\000o\000s}{section.6}% 40
\BOOKMARK [3][-]{subsubsection.6.3.1}{\376\377\000C\000a\000s\000o\000\040\000d\000e\000\040\000u\000s\000o\000\040\000`\000`\000U\000C\000-\0000\0004\000:\000\040\000P\000u\000b\000l\000i\000c\000a\000r\000\040\000t\000r\000a\000b\000a\000j\000o\000'\000'}{subsection.6.3}% 41
\BOOKMARK [3][-]{subsubsection.6.3.2}{\376\377\000C\000a\000s\000o\000\040\000d\000e\000\040\000u\000s\000o\000\040\000`\000`\000U\000C\000-\0000\0005\000:\000\040\000B\000u\000s\000c\000a\000r\000\040\000t\000r\000a\000b\000a\000j\000o\000s\000\040\000c\000e\000r\000c\000a\000n\000o\000s\000'\000'}{subsection.6.3}% 42
\BOOKMARK [3][-]{subsubsection.6.3.3}{\376\377\000C\000a\000s\000o\000\040\000d\000e\000\040\000u\000s\000o\000\040\000`\000`\000U\000C\000-\0000\0006\000:\000\040\000C\000a\000n\000c\000e\000l\000a\000r\000\040\000t\000r\000a\000b\000a\000j\000o\000'\000'}{subsection.6.3}% 43
\BOOKMARK [3][-]{subsubsection.6.3.4}{\376\377\000C\000a\000s\000o\000\040\000d\000e\000\040\000u\000s\000o\000\040\000`\000`\000U\000C\000-\0000\0007\000:\000\040\000C\000o\000m\000p\000l\000e\000t\000a\000r\000\040\000t\000r\000a\000b\000a\000j\000o\000'\000'}{subsection.6.3}% 44
\BOOKMARK [2][-]{subsection.6.4}{\376\377\000C\000a\000s\000o\000s\000\040\000d\000e\000\040\000u\000s\000o\000\040\000d\000e\000l\000\040\000m\000\363\000d\000u\000l\000o\000\040\000d\000e\000\040\000o\000f\000e\000r\000t\000a\000s}{section.6}% 45
\BOOKMARK [3][-]{subsubsection.6.4.1}{\376\377\000C\000a\000s\000o\000\040\000d\000e\000\040\000u\000s\000o\000\040\000`\000`\000U\000C\000-\0000\0008\000:\000\040\000E\000n\000v\000i\000a\000r\000\040\000o\000f\000e\000r\000t\000a\000'\000'}{subsection.6.4}% 46
\BOOKMARK [3][-]{subsubsection.6.4.2}{\376\377\000C\000a\000s\000o\000\040\000d\000e\000\040\000u\000s\000o\000\040\000`\000`\000U\000C\000-\0000\0009\000:\000\040\000A\000c\000e\000p\000t\000a\000r\000\040\000o\000f\000e\000r\000t\000a\000'\000'}{subsection.6.4}% 47
\BOOKMARK [2][-]{subsection.6.5}{\376\377\000C\000a\000s\000o\000s\000\040\000d\000e\000\040\000u\000s\000o\000\040\000d\000e\000l\000\040\000m\000\363\000d\000u\000l\000o\000\040\000d\000e\000\040\000r\000u\000t\000a\000s}{section.6}% 48
\BOOKMARK [3][-]{subsubsection.6.5.1}{\376\377\000C\000a\000s\000o\000\040\000d\000e\000\040\000u\000s\000o\000\040\000`\000`\000U\000C\000-\0001\0000\000:\000\040\000C\000a\000l\000c\000u\000l\000a\000r\000\040\000r\000u\000t\000a\000\040\000\050\000v\000i\000s\000t\000a\000\040\000p\000r\000e\000v\000i\000a\000\051\000'\000'}{subsection.6.5}% 49
\BOOKMARK [3][-]{subsubsection.6.5.2}{\376\377\000C\000a\000s\000o\000\040\000d\000e\000\040\000u\000s\000o\000\040\000`\000`\000U\000C\000-\0001\0001\000:\000\040\000C\000a\000l\000c\000u\000l\000a\000r\000\040\000r\000u\000t\000a\000\040\000o\000f\000i\000c\000i\000a\000l\000'\000'}{subsection.6.5}% 50
\BOOKMARK [2][-]{subsection.6.6}{\376\377\000C\000a\000s\000o\000s\000\040\000d\000e\000\040\000u\000s\000o\000\040\000d\000e\000l\000\040\000m\000\363\000d\000u\000l\000o\000\040\000d\000e\000\040\000f\000i\000n\000a\000l\000i\000z\000a\000c\000i\000\363\000n}{section.6}% 51
\BOOKMARK [3][-]{subsubsection.6.6.1}{\376\377\000C\000a\000s\000o\000\040\000d\000e\000\040\000u\000s\000o\000\040\000`\000`\000U\000C\000-\0001\0002\000:\000\040\000C\000r\000e\000a\000r\000\040\000r\000e\000s\000e\000\361\000a\000'\000'}{subsection.6.6}% 52
\BOOKMARK [2][-]{subsection.6.7}{\376\377\000C\000a\000s\000o\000s\000\040\000d\000e\000\040\000u\000s\000o\000\040\000d\000e\000l\000\040\000m\000\363\000d\000u\000l\000o\000\040\000d\000e\000\040\000s\000e\000g\000u\000i\000m\000i\000e\000n\000t\000o\000\040\000y\000\040\000c\000h\000a\000t}{section.6}% 53
\BOOKMARK [3][-]{subsubsection.6.7.1}{\376\377\000C\000a\000s\000o\000\040\000d\000e\000\040\000u\000s\000o\000\040\000`\000`\000U\000C\000-\0001\0003\000:\000\040\000S\000e\000g\000u\000i\000m\000i\000e\000n\000t\000o\000\040\000e\000n\000\040\000t\000i\000e\000m\000p\000o\000\040\000r\000e\000a\000l\000\040\000y\000\040\000c\000h\000a\000t\000'\000'}{subsection.6.7}% 54
\BOOKMARK [2][-]{subsection.6.8}{\376\377\000C\000a\000s\000o\000s\000\040\000d\000e\000\040\000u\000s\000o\000\040\000d\000e\000l\000\040\000m\000\363\000d\000u\000l\000o\000\040\000d\000e\000\040\000n\000o\000t\000i\000f\000i\000c\000a\000c\000i\000o\000n\000e\000s}{section.6}% 55
\BOOKMARK [3][-]{subsubsection.6.8.1}{\376\377\000C\000a\000s\000o\000\040\000d\000e\000\040\000u\000s\000o\000\040\000`\000`\000U\000C\000-\0001\0004\000:\000\040\000R\000e\000c\000i\000b\000i\000r\000\040\000y\000\040\000c\000o\000n\000s\000u\000l\000t\000a\000r\000\040\000n\000o\000t\000i\000f\000i\000c\000a\000c\000i\000o\000n\000e\000s\000'\000'}{subsection.6.8}% 56
\BOOKMARK [2][-]{subsection.6.9}{\376\377\000C\000a\000s\000o\000s\000\040\000d\000e\000\040\000u\000s\000o\000\040\000d\000e\000l\000\040\000m\000\363\000d\000u\000l\000o\000\040\000d\000e\000\040\000c\000o\000m\000u\000n\000i\000c\000a\000c\000i\000\363\000n\000\040\000p\000o\000r\000\040\000v\000o\000z}{section.6}% 57
\BOOKMARK [3][-]{subsubsection.6.9.1}{\376\377\000C\000a\000s\000o\000\040\000d\000e\000\040\000u\000s\000o\000\040\000`\000`\000U\000C\000-\0001\0005\000:\000\040\000I\000n\000i\000c\000i\000a\000r\000\040\000l\000l\000a\000m\000a\000d\000a\000\040\000d\000e\000\040\000v\000o\000z\000'\000'}{subsection.6.9}% 58
\BOOKMARK [3][-]{subsubsection.6.9.2}{\376\377\000C\000a\000s\000o\000\040\000d\000e\000\040\000u\000s\000o\000\040\000`\000`\000U\000C\000-\0001\0006\000:\000\040\000F\000i\000n\000a\000l\000i\000z\000a\000r\000\040\000l\000l\000a\000m\000a\000d\000a\000\040\000d\000e\000\040\000v\000o\000z\000'\000'}{subsection.6.9}% 59
\BOOKMARK [2][-]{subsection.6.10}{\376\377\000C\000a\000s\000o\000s\000\040\000d\000e\000\040\000u\000s\000o\000\040\000d\000e\000l\000\040\000m\000\363\000d\000u\000l\000o\000\040\000d\000e\000\040\000a\000d\000m\000i\000n\000i\000s\000t\000r\000a\000c\000i\000\363\000n}{section.6}% 60
\BOOKMARK [3][-]{subsubsection.6.10.1}{\376\377\000C\000a\000s\000o\000\040\000d\000e\000\040\000u\000s\000o\000\040\000`\000`\000U\000C\000-\0001\0007\000:\000\040\000C\000o\000n\000s\000u\000l\000t\000a\000r\000\040\000p\000a\000n\000e\000l\000\040\000d\000e\000\040\000m\000\351\000t\000r\000i\000c\000a\000s\000'\000'}{subsection.6.10}% 61
\BOOKMARK [3][-]{subsubsection.6.10.2}{\376\377\000C\000a\000s\000o\000\040\000d\000e\000\040\000u\000s\000o\000\040\000`\000`\000U\000C\000-\0001\0008\000/\000U\000C\000-\0001\0009\000:\000\040\000G\000e\000s\000t\000i\000o\000n\000a\000r\000\040\000u\000s\000u\000a\000r\000i\000o\000s\000\040\000y\000\040\000r\000o\000l\000e\000s\000'\000'}{subsection.6.10}% 62
\BOOKMARK [3][-]{subsubsection.6.10.3}{\376\377\000C\000a\000s\000o\000\040\000d\000e\000\040\000u\000s\000o\000\040\000`\000`\000U\000C\000-\0002\0000\000:\000\040\000P\000r\000o\000m\000o\000v\000e\000r\000\040\000/\000\040\000r\000e\000v\000o\000c\000a\000r\000\040\000a\000d\000m\000i\000n\000i\000s\000t\000r\000a\000d\000o\000r\000'\000'}{subsection.6.10}% 63
\BOOKMARK [3][-]{subsubsection.6.10.4}{\376\377\000C\000a\000s\000o\000\040\000d\000e\000\040\000u\000s\000o\000\040\000`\000`\000U\000C\000-\0002\0001\000:\000\040\000S\000u\000s\000p\000e\000n\000d\000e\000r\000\040\000/\000\040\000a\000c\000t\000i\000v\000a\000r\000\040\000c\000u\000e\000n\000t\000a\000'\000'}{subsection.6.10}% 64
\BOOKMARK [3][-]{subsubsection.6.10.5}{\376\377\000C\000a\000s\000o\000\040\000d\000e\000\040\000u\000s\000o\000\040\000`\000`\000U\000C\000-\0002\0002\000:\000\040\000V\000e\000r\000i\000f\000i\000c\000a\000r\000\040\000p\000r\000o\000f\000e\000s\000i\000o\000n\000a\000l\000'\000'}{subsection.6.10}% 65
\BOOKMARK [3][-]{subsubsection.6.10.6}{\376\377\000C\000a\000s\000o\000\040\000d\000e\000\040\000u\000s\000o\000\040\000`\000`\000U\000C\000-\0002\0003\000:\000\040\000M\000a\000n\000t\000e\000n\000e\000r\000\040\000c\000a\000t\000\341\000l\000o\000g\000o\000\040\000d\000e\000\040\000c\000a\000t\000e\000g\000o\000r\000\355\000a\000s\000\040\000y\000\040\000h\000a\000b\000i\000l\000i\000d\000a\000d\000e\000s\000'\000'}{subsection.6.10}% 66
\BOOKMARK [3][-]{subsubsection.6.10.7}{\376\377\000C\000a\000s\000o\000\040\000d\000e\000\040\000u\000s\000o\000\040\000`\000`\000U\000C\000-\0002\0004\000:\000\040\000C\000o\000n\000s\000u\000l\000t\000a\000r\000\040\000r\000e\000g\000i\000s\000t\000r\000o\000\040\000d\000e\000\040\000a\000u\000d\000i\000t\000o\000r\000\355\000a\000'\000'}{subsection.6.10}% 67
\BOOKMARK [1][-]{section.7}{\376\377\000D\000i\000a\000g\000r\000a\000m\000a\000\040\000d\000e\000\040\000s\000e\000c\000u\000e\000n\000c\000i\000a}{}% 68
\BOOKMARK [2][-]{subsection.7.1}{\376\377\000S\000e\000c\000u\000e\000n\000c\000i\000a\000\040\000d\000e\000\040\000p\000u\000b\000l\000i\000c\000a\000c\000i\000\363\000n\000\040\000d\000e\000\040\000u\000n\000\040\000t\000r\000a\000b\000a\000j\000o}{section.7}% 69
\BOOKMARK [2][-]{subsection.7.2}{\376\377\000S\000e\000c\000u\000e\000n\000c\000i\000a\000\040\000d\000e\000\040\000a\000c\000e\000p\000t\000a\000c\000i\000\363\000n\000\040\000d\000e\000\040\000o\000f\000e\000r\000t\000a}{section.7}% 70
\BOOKMARK [2][-]{subsection.7.3}{\376\377\000S\000e\000c\000u\000e\000n\000c\000i\000a\000\040\000d\000e\000\040\000f\000i\000n\000a\000l\000i\000z\000a\000c\000i\000\363\000n\000\040\000y\000\040\000c\000a\000l\000i\000f\000i\000c\000a\000c\000i\000\363\000n}{section.7}% 71
\BOOKMARK [2][-]{subsection.7.4}{\376\377\000S\000e\000c\000u\000e\000n\000c\000i\000a\000\040\000d\000e\000\040\000l\000a\000\040\000b\000\372\000s\000q\000u\000e\000d\000a\000\040\000d\000e\000\040\000t\000r\000a\000b\000a\000j\000o\000s\000\040\000c\000e\000r\000c\000a\000n\000o\000s}{section.7}% 72
\BOOKMARK [1][-]{section.8}{\376\377\000D\000i\000a\000g\000r\000a\000m\000a\000s\000\040\000d\000e\000\040\000e\000s\000t\000a\000d\000o}{}% 73
\BOOKMARK [2][-]{subsection.8.1}{\376\377\000E\000s\000t\000a\000d\000o\000s\000\040\000d\000e\000l\000\040\000t\000r\000a\000b\000a\000j\000o}{section.8}% 74
\BOOKMARK [2][-]{subsection.8.2}{\376\377\000E\000s\000t\000a\000d\000o\000s\000\040\000d\000e\000\040\000l\000a\000\040\000o\000f\000e\000r\000t\000a}{section.8}% 75
\BOOKMARK [2][-]{subsection.8.3}{\376\377\000E\000s\000t\000a\000d\000o\000s\000\040\000d\000e\000\040\000l\000a\000\040\000l\000l\000a\000m\000a\000d\000a\000\040\000d\000e\000\040\000v\000o\000z}{section.8}% 76
\BOOKMARK [1][-]{section.9}{\376\377\000D\000i\000a\000g\000r\000a\000m\000a\000\040\000E\000R}{}% 77
\BOOKMARK [1][-]{section.10}{\376\377\000R\000e\000q\000u\000e\000r\000i\000m\000i\000e\000n\000t\000o\000s\000\040\000n\000o\000\040\000f\000u\000n\000c\000i\000o\000n\000a\000l\000e\000s}{}% 78
\BOOKMARK [2][-]{subsection.10.1}{\376\377\000A\000r\000q\000u\000i\000t\000e\000c\000t\000u\000r\000a\000\040\000d\000e\000\040\000t\000r\000e\000s\000\040\000c\000a\000p\000a\000s}{section.10}% 79
\BOOKMARK [2][-]{subsection.10.2}{\376\377\000A\000u\000t\000e\000n\000t\000i\000c\000a\000c\000i\000\363\000n\000\040\000y\000\040\000a\000u\000t\000o\000r\000i\000z\000a\000c\000i\000\363\000n}{section.10}% 80
\BOOKMARK [2][-]{subsection.10.3}{\376\377\000S\000e\000g\000u\000r\000i\000d\000a\000d\000\040\000d\000e\000\040\000d\000a\000t\000o\000s}{section.10}% 81
\BOOKMARK [2][-]{subsection.10.4}{\376\377\000A\000l\000m\000a\000c\000e\000n\000a\000m\000i\000e\000n\000t\000o}{section.10}% 82
\BOOKMARK [2][-]{subsection.10.5}{\376\377\000I\000n\000t\000e\000g\000r\000a\000c\000i\000\363\000n}{section.10}% 83
\BOOKMARK [1][-]{section.11}{\376\377\000P\000l\000a\000n\000i\000f\000i\000c\000a\000c\000i\000\363\000n\000\040\000d\000e\000\040\000c\000i\000c\000l\000o\000s\000\040\000d\000e\000\040\000d\000e\000s\000a\000r\000r\000o\000l\000l\000o}{}% 84
\BOOKMARK [2][-]{subsection.11.1}{\376\377\000E\000s\000t\000a\000d\000o\000\040\000d\000e\000\040\000a\000v\000a\000n\000c\000e}{section.11}% 85
\BOOKMARK [1][-]{section.12}{\376\377\000F\000i\000r\000m\000a\000s\000\040\000d\000e\000\040\000a\000c\000e\000p\000t\000a\000c\000i\000\363\000n}{}% 86
